[backblue.gif]
[fade.gif]
[index.html]
[12a54ed7-e4f3-4ebe-b2c5-7de5c7f8462f-00-2pz75lpsgkbpx.worf.replit.dev/fav.png]
[12a54ed7-e4f3-4ebe-b2c5-7de5c7f8462f-00-2pz75lpsgkbpx.worf.replit.dev/index.html]
[12a54ed7-e4f3-4ebe-b2c5-7de5c7f8462f-00-2pz75lpsgkbpx.worf.replit.dev/browser-sync/browser-sync-client0d4d.html]
[cdn.jsdelivr.net/particles.js/2.0.0/particles.min.js]
[12a54ed7-e4f3-4ebe-b2c5-7de5c7f8462f-00-2pz75lpsgkbpx.worf.replit.dev/Images/minecraft.png]
[12a54ed7-e4f3-4ebe-b2c5-7de5c7f8462f-00-2pz75lpsgkbpx.worf.replit.dev/Images/1v1lol.jpg]
[12a54ed7-e4f3-4ebe-b2c5-7de5c7f8462f-00-2pz75lpsgkbpx.worf.replit.dev/Images/basketstars.jpg]
[12a54ed7-e4f3-4ebe-b2c5-7de5c7f8462f-00-2pz75lpsgkbpx.worf.replit.dev/Images/roblox.jpg]
[12a54ed7-e4f3-4ebe-b2c5-7de5c7f8462f-00-2pz75lpsgkbpx.worf.replit.dev/Images/bitlife.jpg]
[12a54ed7-e4f3-4ebe-b2c5-7de5c7f8462f-00-2pz75lpsgkbpx.worf.replit.dev/Images/run3.jpg]
[12a54ed7-e4f3-4ebe-b2c5-7de5c7f8462f-00-2pz75lpsgkbpx.worf.replit.dev/Images/fnaw.jpg]
[12a54ed7-e4f3-4ebe-b2c5-7de5c7f8462f-00-2pz75lpsgkbpx.worf.replit.dev/Images/stick.png]
[12a54ed7-e4f3-4ebe-b2c5-7de5c7f8462f-00-2pz75lpsgkbpx.worf.replit.dev/Images/dante.jpg]
[12a54ed7-e4f3-4ebe-b2c5-7de5c7f8462f-00-2pz75lpsgkbpx.worf.replit.dev/Images/ubg64.png]
[12a54ed7-e4f3-4ebe-b2c5-7de5c7f8462f-00-2pz75lpsgkbpx.worf.replit.dev/Images/sm64.jpg]
[12a54ed7-e4f3-4ebe-b2c5-7de5c7f8462f-00-2pz75lpsgkbpx.worf.replit.dev/Images/hominid.jpg]
[12a54ed7-e4f3-4ebe-b2c5-7de5c7f8462f-00-2pz75lpsgkbpx.worf.replit.dev/Images/baldi.jpg]
[12a54ed7-e4f3-4ebe-b2c5-7de5c7f8462f-00-2pz75lpsgkbpx.worf.replit.dev/Images/melonplayground.jpg]
[12a54ed7-e4f3-4ebe-b2c5-7de5c7f8462f-00-2pz75lpsgkbpx.worf.replit.dev/Images/vex6.jpg]
[12a54ed7-e4f3-4ebe-b2c5-7de5c7f8462f-00-2pz75lpsgkbpx.worf.replit.dev/Images/FNaF1.webp]
[12a54ed7-e4f3-4ebe-b2c5-7de5c7f8462f-00-2pz75lpsgkbpx.worf.replit.dev/Images/Slope.webp]
[12a54ed7-e4f3-4ebe-b2c5-7de5c7f8462f-00-2pz75lpsgkbpx.worf.replit.dev/Images/cookieclicker.png]
[12a54ed7-e4f3-4ebe-b2c5-7de5c7f8462f-00-2pz75lpsgkbpx.worf.replit.dev/Images/2048.jpg]
[12a54ed7-e4f3-4ebe-b2c5-7de5c7f8462f-00-2pz75lpsgkbpx.worf.replit.dev/Images/fnf.png]
[12a54ed7-e4f3-4ebe-b2c5-7de5c7f8462f-00-2pz75lpsgkbpx.worf.replit.dev/Images/eggy.png]
[12a54ed7-e4f3-4ebe-b2c5-7de5c7f8462f-00-2pz75lpsgkbpx.worf.replit.dev/Images/raft.jpg]
[12a54ed7-e4f3-4ebe-b2c5-7de5c7f8462f-00-2pz75lpsgkbpx.worf.replit.dev/Images/catninja.jpg]
[12a54ed7-e4f3-4ebe-b2c5-7de5c7f8462f-00-2pz75lpsgkbpx.worf.replit.dev/Images/ucn.jpg]
[12a54ed7-e4f3-4ebe-b2c5-7de5c7f8462f-00-2pz75lpsgkbpx.worf.replit.dev/Images/justfall.jpg]
[12a54ed7-e4f3-4ebe-b2c5-7de5c7f8462f-00-2pz75lpsgkbpx.worf.replit.dev/Images/slowroads.png]
[12a54ed7-e4f3-4ebe-b2c5-7de5c7f8462f-00-2pz75lpsgkbpx.worf.replit.dev/Images/mario63.jpg]
[12a54ed7-e4f3-4ebe-b2c5-7de5c7f8462f-00-2pz75lpsgkbpx.worf.replit.dev/Images/pokemonemerald.jpg]
[12a54ed7-e4f3-4ebe-b2c5-7de5c7f8462f-00-2pz75lpsgkbpx.worf.replit.dev/Images/pokeruby.webp]
[12a54ed7-e4f3-4ebe-b2c5-7de5c7f8462f-00-2pz75lpsgkbpx.worf.replit.dev/Images/nsmb.jpg]
[12a54ed7-e4f3-4ebe-b2c5-7de5c7f8462f-00-2pz75lpsgkbpx.worf.replit.dev/Images/pokesaph.png]
[12a54ed7-e4f3-4ebe-b2c5-7de5c7f8462f-00-2pz75lpsgkbpx.worf.replit.dev/Images/dinochrome.jpg]
[12a54ed7-e4f3-4ebe-b2c5-7de5c7f8462f-00-2pz75lpsgkbpx.worf.replit.dev/Images/flappy.jpg]
[12a54ed7-e4f3-4ebe-b2c5-7de5c7f8462f-00-2pz75lpsgkbpx.worf.replit.dev/Images/ctr.jpg]
[12a54ed7-e4f3-4ebe-b2c5-7de5c7f8462f-00-2pz75lpsgkbpx.worf.replit.dev/class.html]
[12a54ed7-e4f3-4ebe-b2c5-7de5c7f8462f-00-2pz75lpsgkbpx.worf.replit.dev/test.html]
[12a54ed7-e4f3-4ebe-b2c5-7de5c7f8462f-00-2pz75lpsgkbpx.worf.replit.dev/mcselect.html]
[12a54ed7-e4f3-4ebe-b2c5-7de5c7f8462f-00-2pz75lpsgkbpx.worf.replit.dev/assignments/1v1lol.html]
[12a54ed7-e4f3-4ebe-b2c5-7de5c7f8462f-00-2pz75lpsgkbpx.worf.replit.dev/assignments/basketstars.html]
[12a54ed7-e4f3-4ebe-b2c5-7de5c7f8462f-00-2pz75lpsgkbpx.worf.replit.dev/assignments/bitlife.html]
[12a54ed7-e4f3-4ebe-b2c5-7de5c7f8462f-00-2pz75lpsgkbpx.worf.replit.dev/assignments/run3.html]
[12a54ed7-e4f3-4ebe-b2c5-7de5c7f8462f-00-2pz75lpsgkbpx.worf.replit.dev/assignments/fnaw.html]
[12a54ed7-e4f3-4ebe-b2c5-7de5c7f8462f-00-2pz75lpsgkbpx.worf.replit.dev/assignments/stickmanhook.html]
[12a54ed7-e4f3-4ebe-b2c5-7de5c7f8462f-00-2pz75lpsgkbpx.worf.replit.dev/assignments/dante.html]
[12a54ed7-e4f3-4ebe-b2c5-7de5c7f8462f-00-2pz75lpsgkbpx.worf.replit.dev/assignments/ubg64.html]
[12a54ed7-e4f3-4ebe-b2c5-7de5c7f8462f-00-2pz75lpsgkbpx.worf.replit.dev/assignments/mario64.html]
[12a54ed7-e4f3-4ebe-b2c5-7de5c7f8462f-00-2pz75lpsgkbpx.worf.replit.dev/assignments/alienhominid.html]
[12a54ed7-e4f3-4ebe-b2c5-7de5c7f8462f-00-2pz75lpsgkbpx.worf.replit.dev/assignments/baldi.html]
[12a54ed7-e4f3-4ebe-b2c5-7de5c7f8462f-00-2pz75lpsgkbpx.worf.replit.dev/assignments/vex6.html]
[12a54ed7-e4f3-4ebe-b2c5-7de5c7f8462f-00-2pz75lpsgkbpx.worf.replit.dev/assignments/fnaf1.html]
[12a54ed7-e4f3-4ebe-b2c5-7de5c7f8462f-00-2pz75lpsgkbpx.worf.replit.dev/assignments/slope.html]
[12a54ed7-e4f3-4ebe-b2c5-7de5c7f8462f-00-2pz75lpsgkbpx.worf.replit.dev/assignments/cookieclicker.html]
[12a54ed7-e4f3-4ebe-b2c5-7de5c7f8462f-00-2pz75lpsgkbpx.worf.replit.dev/assignments/2048.html]
[12a54ed7-e4f3-4ebe-b2c5-7de5c7f8462f-00-2pz75lpsgkbpx.worf.replit.dev/assignments/fnf.html]
[12a54ed7-e4f3-4ebe-b2c5-7de5c7f8462f-00-2pz75lpsgkbpx.worf.replit.dev/assignments/eggycar.html]
[12a54ed7-e4f3-4ebe-b2c5-7de5c7f8462f-00-2pz75lpsgkbpx.worf.replit.dev/assignments/raftwars.html]
[12a54ed7-e4f3-4ebe-b2c5-7de5c7f8462f-00-2pz75lpsgkbpx.worf.replit.dev/assignments/catninja.html]
[12a54ed7-e4f3-4ebe-b2c5-7de5c7f8462f-00-2pz75lpsgkbpx.worf.replit.dev/assignments/ucn.html]
[12a54ed7-e4f3-4ebe-b2c5-7de5c7f8462f-00-2pz75lpsgkbpx.worf.replit.dev/assignments/justfall.html]
[12a54ed7-e4f3-4ebe-b2c5-7de5c7f8462f-00-2pz75lpsgkbpx.worf.replit.dev/assignments/slowroads.html]
[12a54ed7-e4f3-4ebe-b2c5-7de5c7f8462f-00-2pz75lpsgkbpx.worf.replit.dev/assignments/mario63.html]
[12a54ed7-e4f3-4ebe-b2c5-7de5c7f8462f-00-2pz75lpsgkbpx.worf.replit.dev/assignments/pokemonemerald.html]
[12a54ed7-e4f3-4ebe-b2c5-7de5c7f8462f-00-2pz75lpsgkbpx.worf.replit.dev/assignments/pokemonruby.html]
[12a54ed7-e4f3-4ebe-b2c5-7de5c7f8462f-00-2pz75lpsgkbpx.worf.replit.dev/assignments/newsupermario.html]
[12a54ed7-e4f3-4ebe-b2c5-7de5c7f8462f-00-2pz75lpsgkbpx.worf.replit.dev/assignments/pokemonsapphire.html]
[12a54ed7-e4f3-4ebe-b2c5-7de5c7f8462f-00-2pz75lpsgkbpx.worf.replit.dev/assignments/chromedino.html]
[12a54ed7-e4f3-4ebe-b2c5-7de5c7f8462f-00-2pz75lpsgkbpx.worf.replit.dev/assignments/flappybird.html]
[12a54ed7-e4f3-4ebe-b2c5-7de5c7f8462f-00-2pz75lpsgkbpx.worf.replit.dev/assignments/ctr.html]
[12a54ed7-e4f3-4ebe-b2c5-7de5c7f8462f-00-2pz75lpsgkbpx.worf.replit.dev/assignments/fav.html]
[12a54ed7-e4f3-4ebe-b2c5-7de5c7f8462f-00-2pz75lpsgkbpx.worf.replit.dev/schoolwork/1v1lol/index.html]
[12a54ed7-e4f3-4ebe-b2c5-7de5c7f8462f-00-2pz75lpsgkbpx.worf.replit.dev/schoolwork/Basketball-Stars-main/index.html]
[12a54ed7-e4f3-4ebe-b2c5-7de5c7f8462f-00-2pz75lpsgkbpx.worf.replit.dev/schoolwork/bitlife/index.html]
[12a54ed7-e4f3-4ebe-b2c5-7de5c7f8462f-00-2pz75lpsgkbpx.worf.replit.dev/schoolwork/run3-main/run3-main/index.html]
[12a54ed7-e4f3-4ebe-b2c5-7de5c7f8462f-00-2pz75lpsgkbpx.worf.replit.dev/schoolwork/fnaw.html]
[12a54ed7-e4f3-4ebe-b2c5-7de5c7f8462f-00-2pz75lpsgkbpx.worf.replit.dev/schoolwork/stickmanhook/index.html]
[12a54ed7-e4f3-4ebe-b2c5-7de5c7f8462f-00-2pz75lpsgkbpx.worf.replit.dev/schoolwork/Dante-main/Dante-main/index.html]
[12a54ed7-e4f3-4ebe-b2c5-7de5c7f8462f-00-2pz75lpsgkbpx.worf.replit.dev/schoolwork/baldisbasics-main/baldisbasics-main/index.html]
[12a54ed7-e4f3-4ebe-b2c5-7de5c7f8462f-00-2pz75lpsgkbpx.worf.replit.dev/schoolwork/vex6/index.html]
[12a54ed7-e4f3-4ebe-b2c5-7de5c7f8462f-00-2pz75lpsgkbpx.worf.replit.dev/schoolwork/FNAF1-main/FNAF1-main/index.html]
[12a54ed7-e4f3-4ebe-b2c5-7de5c7f8462f-00-2pz75lpsgkbpx.worf.replit.dev/schoolwork/slope/index.html]
[12a54ed7-e4f3-4ebe-b2c5-7de5c7f8462f-00-2pz75lpsgkbpx.worf.replit.dev/schoolwork/cookieclicker/index.html]
[12a54ed7-e4f3-4ebe-b2c5-7de5c7f8462f-00-2pz75lpsgkbpx.worf.replit.dev/schoolwork/2048/index.html]
[12a54ed7-e4f3-4ebe-b2c5-7de5c7f8462f-00-2pz75lpsgkbpx.worf.replit.dev/schoolwork/1528775_alternate_113347_r86/index.html]
[12a54ed7-e4f3-4ebe-b2c5-7de5c7f8462f-00-2pz75lpsgkbpx.worf.replit.dev/schoolwork/EggyCar-main/EggyCar-main/index.html]
[12a54ed7-e4f3-4ebe-b2c5-7de5c7f8462f-00-2pz75lpsgkbpx.worf.replit.dev/schoolwork/ucn-main/ucn-main/index.html]
[12a54ed7-e4f3-4ebe-b2c5-7de5c7f8462f-00-2pz75lpsgkbpx.worf.replit.dev/schoolwork/justfall-main/justfall-main/index.html]
[12a54ed7-e4f3-4ebe-b2c5-7de5c7f8462f-00-2pz75lpsgkbpx.worf.replit.dev/schoolwork/slowroads-main (1)/slowroads-main/index.html]
[12a54ed7-e4f3-4ebe-b2c5-7de5c7f8462f-00-2pz75lpsgkbpx.worf.replit.dev/schoolwork/chrome-dino-master/chrome-dino-master/index.html]
[12a54ed7-e4f3-4ebe-b2c5-7de5c7f8462f-00-2pz75lpsgkbpx.worf.replit.dev/schoolwork/cuttherope/index.html]
